// Jest Snapshot v1, https://goo.gl/fbAQLP

exports[`CowCard should render correctly 1`] = `
<View
  style={
    [
      {
        "flexDirection": "column",
      },
      {
        "marginBottom": 8,
        "marginLeft": 8,
        "marginRight": 8,
        "marginTop": 8,
      },
      {
        "paddingBottom": 16,
        "paddingLeft": 16,
        "paddingRight": 16,
        "paddingTop": 16,
      },
      {
        "backgroundColor": "#272727",
      },
      {
        "borderBottomLeftRadius": 12,
        "borderBottomRightRadius": 12,
        "borderTopLeftRadius": 12,
        "borderTopRightRadius": 12,
      },
      {
        "borderRightWidth": 4,
      },
      {
        "borderBottomColor": "#6bc0eb",
        "borderLeftColor": "#6bc0eb",
        "borderRightColor": "#6bc0eb",
        "borderTopColor": "#6bc0eb",
      },
    ]
  }
>
  <View
    style={
      [
        {
          "marginBottom": 8,
        },
      ]
    }
  >
    <View
      style={
        [
          {
            "paddingLeft": 16,
            "paddingRight": 16,
          },
          {
            "flexDirection": "row",
          },
          {
            "alignItems": "center",
          },
          {
            "justifyContent": "space-between",
          },
          {
            "borderBottomWidth": 2,
            "borderTopWidth": 2,
          },
          {
            "borderRightWidth": 2,
          },
          {
            "borderBottomLeftRadius": 12,
            "borderBottomRightRadius": 12,
            "borderTopLeftRadius": 12,
            "borderTopRightRadius": 12,
          },
          {
            "borderBottomColor": "#6bc0eb",
            "borderLeftColor": "#6bc0eb",
            "borderRightColor": "#6bc0eb",
            "borderTopColor": "#6bc0eb",
          },
          {
            "overflow": "hidden",
          },
        ]
      }
    >
      <Text
        style={
          [
            {
              "color": "#ffffff",
            },
            {
              "fontSize": 14,
              "lineHeight": 20,
            },
            {
              "fontFamily": "Nunito-Bold",
            },
          ]
        }
      />
      <Text
        style={
          [
            {
              "paddingBottom": 8,
              "paddingLeft": 8,
              "paddingRight": 8,
              "paddingTop": 8,
            },
            {
              "color": "#ffffff",
            },
            {
              "fontSize": 24,
              "lineHeight": 32,
            },
            {
              "fontFamily": "Nunito-Bold",
            },
          ]
        }
      >
        Vaca Test
      </Text>
    </View>
    <View
      style={
        [
          {
            "marginLeft": 8,
          },
          {
            "marginTop": 8,
          },
          {
            "flexDirection": "column",
          },
          {
            "justifyContent": "space-between",
          },
        ]
      }
    >
      <View
        style={
          [
            {
              "marginBottom": 8,
            },
            {
              "flexDirection": "row",
            },
            {
              "alignItems": "center",
            },
          ]
        }
      >
        <Text
          style={
            [
              {
                "color": "#6bc0eb",
              },
              {
                "fontSize": 20,
                "lineHeight": 28,
              },
              {
                "fontFamily": "Nunito-BoldItalic",
              },
              {
                "textDecorationLine": "underline",
              },
            ]
          }
        >
          COW001
        </Text>
      </View>
      <View
        style={
          [
            {
              "flexDirection": "column",
            },
            {
              "paddingBottom": 8,
              "paddingLeft": 8,
              "paddingRight": 8,
              "paddingTop": 8,
            },
            {
              "borderLeftWidth": 2,
            },
            {
              "borderBottomColor": "#ffffff",
              "borderLeftColor": "#ffffff",
              "borderRightColor": "#ffffff",
              "borderTopColor": "#ffffff",
            },
            {
              "borderBottomLeftRadius": 8,
              "borderBottomRightRadius": 8,
              "borderTopLeftRadius": 8,
              "borderTopRightRadius": 8,
            },
          ]
        }
      >
        <Text
          style={
            [
              {
                "color": "#ffffff",
              },
              {
                "fontSize": 18,
                "lineHeight": 28,
              },
              {
                "fontFamily": "Nunito-Light",
              },
            ]
          }
        >
          Se incorporó en:
           
          1/1/2022
        </Text>
        <Text
          style={
            [
              {
                "color": "#ffffff",
              },
              {
                "fontSize": 18,
                "lineHeight": 28,
              },
              {
                "fontFamily": "Nunito-Light",
              },
            ]
          }
        >
          Raza: 
          Holstein
        </Text>
        <Text
          style={
            [
              {
                "color": "#ffffff",
              },
              {
                "fontSize": 18,
                "lineHeight": 28,
              },
              {
                "fontFamily": "Nunito-Light",
              },
            ]
          }
        >
          Fase: 
          Ternero
        </Text>
        <Text
          style={
            [
              {
                "color": "#ffffff",
              },
              {
                "fontSize": 18,
                "lineHeight": 28,
              },
              {
                "fontFamily": "Nunito-Light",
              },
            ]
          }
        >
          Es hijo/a de: 
          Desconocida
        </Text>
      </View>
    </View>
  </View>
  <View
    accessibilityState={
      {
        "busy": undefined,
        "checked": undefined,
        "disabled": undefined,
        "expanded": undefined,
        "selected": undefined,
      }
    }
    accessibilityValue={
      {
        "max": undefined,
        "min": undefined,
        "now": undefined,
        "text": undefined,
      }
    }
    accessible={true}
    collapsable={false}
    focusable={true}
    onBlur={[Function]}
    onClick={[Function]}
    onFocus={[Function]}
    onResponderGrant={[Function]}
    onResponderMove={[Function]}
    onResponderRelease={[Function]}
    onResponderTerminate={[Function]}
    onResponderTerminationRequest={[Function]}
    onStartShouldSetResponder={[Function]}
    style={
      [
        {
          "display": "flex",
        },
        {
          "flexDirection": "row",
        },
        {
          "justifyContent": "center",
        },
        {
          "alignItems": "center",
        },
        {
          "paddingBottom": 16,
          "paddingLeft": 16,
          "paddingRight": 16,
          "paddingTop": 16,
        },
        {
          "backgroundColor": "#272727",
        },
        {
          "borderBottomWidth": 2,
          "borderLeftWidth": 2,
          "borderRightWidth": 2,
          "borderTopWidth": 2,
        },
        {
          "borderBottomColor": "#6bc0eb",
          "borderLeftColor": "#6bc0eb",
          "borderRightColor": "#6bc0eb",
          "borderTopColor": "#6bc0eb",
        },
        {
          "borderBottomLeftRadius": 24,
          "borderBottomRightRadius": 24,
          "borderTopLeftRadius": 24,
          "borderTopRightRadius": 24,
        },
      ]
    }
    testID="delete-cow-button"
  >
    <Text
      style={
        [
          {
            "fontFamily": "Nunito-SemiBold",
          },
          {
            "color": "#ffffff",
          },
          {
            "fontSize": 20,
            "lineHeight": 28,
          },
          [
            {
              "marginLeft": 16,
            },
          ],
        ]
      }
    >
      Dar de baja
    </Text>
  </View>
</View>
`;

exports[`CowCard should render correctly when mother is null 1`] = `
<View
  style={
    [
      {
        "flexDirection": "column",
      },
      {
        "marginBottom": 8,
        "marginLeft": 8,
        "marginRight": 8,
        "marginTop": 8,
      },
      {
        "paddingBottom": 16,
        "paddingLeft": 16,
        "paddingRight": 16,
        "paddingTop": 16,
      },
      {
        "backgroundColor": "#272727",
      },
      {
        "borderBottomLeftRadius": 12,
        "borderBottomRightRadius": 12,
        "borderTopLeftRadius": 12,
        "borderTopRightRadius": 12,
      },
      {
        "borderRightWidth": 4,
      },
      {
        "borderBottomColor": "#6bc0eb",
        "borderLeftColor": "#6bc0eb",
        "borderRightColor": "#6bc0eb",
        "borderTopColor": "#6bc0eb",
      },
    ]
  }
>
  <View
    style={
      [
        {
          "marginBottom": 8,
        },
      ]
    }
  >
    <View
      style={
        [
          {
            "paddingLeft": 16,
            "paddingRight": 16,
          },
          {
            "flexDirection": "row",
          },
          {
            "alignItems": "center",
          },
          {
            "justifyContent": "space-between",
          },
          {
            "borderBottomWidth": 2,
            "borderTopWidth": 2,
          },
          {
            "borderRightWidth": 2,
          },
          {
            "borderBottomLeftRadius": 12,
            "borderBottomRightRadius": 12,
            "borderTopLeftRadius": 12,
            "borderTopRightRadius": 12,
          },
          {
            "borderBottomColor": "#6bc0eb",
            "borderLeftColor": "#6bc0eb",
            "borderRightColor": "#6bc0eb",
            "borderTopColor": "#6bc0eb",
          },
          {
            "overflow": "hidden",
          },
        ]
      }
    >
      <Text
        style={
          [
            {
              "color": "#ffffff",
            },
            {
              "fontSize": 14,
              "lineHeight": 20,
            },
            {
              "fontFamily": "Nunito-Bold",
            },
          ]
        }
      />
      <Text
        style={
          [
            {
              "paddingBottom": 8,
              "paddingLeft": 8,
              "paddingRight": 8,
              "paddingTop": 8,
            },
            {
              "color": "#ffffff",
            },
            {
              "fontSize": 24,
              "lineHeight": 32,
            },
            {
              "fontFamily": "Nunito-Bold",
            },
          ]
        }
      >
        Vaca Test
      </Text>
    </View>
    <View
      style={
        [
          {
            "marginLeft": 8,
          },
          {
            "marginTop": 8,
          },
          {
            "flexDirection": "column",
          },
          {
            "justifyContent": "space-between",
          },
        ]
      }
    >
      <View
        style={
          [
            {
              "marginBottom": 8,
            },
            {
              "flexDirection": "row",
            },
            {
              "alignItems": "center",
            },
          ]
        }
      >
        <Text
          style={
            [
              {
                "color": "#6bc0eb",
              },
              {
                "fontSize": 20,
                "lineHeight": 28,
              },
              {
                "fontFamily": "Nunito-BoldItalic",
              },
              {
                "textDecorationLine": "underline",
              },
            ]
          }
        >
          COW001
        </Text>
      </View>
      <View
        style={
          [
            {
              "flexDirection": "column",
            },
            {
              "paddingBottom": 8,
              "paddingLeft": 8,
              "paddingRight": 8,
              "paddingTop": 8,
            },
            {
              "borderLeftWidth": 2,
            },
            {
              "borderBottomColor": "#ffffff",
              "borderLeftColor": "#ffffff",
              "borderRightColor": "#ffffff",
              "borderTopColor": "#ffffff",
            },
            {
              "borderBottomLeftRadius": 8,
              "borderBottomRightRadius": 8,
              "borderTopLeftRadius": 8,
              "borderTopRightRadius": 8,
            },
          ]
        }
      >
        <Text
          style={
            [
              {
                "color": "#ffffff",
              },
              {
                "fontSize": 18,
                "lineHeight": 28,
              },
              {
                "fontFamily": "Nunito-Light",
              },
            ]
          }
        >
          Se incorporó en:
           
          1/1/2022
        </Text>
        <Text
          style={
            [
              {
                "color": "#ffffff",
              },
              {
                "fontSize": 18,
                "lineHeight": 28,
              },
              {
                "fontFamily": "Nunito-Light",
              },
            ]
          }
        >
          Raza: 
          Holstein
        </Text>
        <Text
          style={
            [
              {
                "color": "#ffffff",
              },
              {
                "fontSize": 18,
                "lineHeight": 28,
              },
              {
                "fontFamily": "Nunito-Light",
              },
            ]
          }
        >
          Fase: 
          Ternero
        </Text>
        <Text
          style={
            [
              {
                "color": "#ffffff",
              },
              {
                "fontSize": 18,
                "lineHeight": 28,
              },
              {
                "fontFamily": "Nunito-Light",
              },
            ]
          }
        >
          Es hijo/a de: 
          Desconocida
        </Text>
      </View>
    </View>
  </View>
  <View
    accessibilityState={
      {
        "busy": undefined,
        "checked": undefined,
        "disabled": undefined,
        "expanded": undefined,
        "selected": undefined,
      }
    }
    accessibilityValue={
      {
        "max": undefined,
        "min": undefined,
        "now": undefined,
        "text": undefined,
      }
    }
    accessible={true}
    collapsable={false}
    focusable={true}
    onBlur={[Function]}
    onClick={[Function]}
    onFocus={[Function]}
    onResponderGrant={[Function]}
    onResponderMove={[Function]}
    onResponderRelease={[Function]}
    onResponderTerminate={[Function]}
    onResponderTerminationRequest={[Function]}
    onStartShouldSetResponder={[Function]}
    style={
      [
        {
          "display": "flex",
        },
        {
          "flexDirection": "row",
        },
        {
          "justifyContent": "center",
        },
        {
          "alignItems": "center",
        },
        {
          "paddingBottom": 16,
          "paddingLeft": 16,
          "paddingRight": 16,
          "paddingTop": 16,
        },
        {
          "backgroundColor": "#272727",
        },
        {
          "borderBottomWidth": 2,
          "borderLeftWidth": 2,
          "borderRightWidth": 2,
          "borderTopWidth": 2,
        },
        {
          "borderBottomColor": "#6bc0eb",
          "borderLeftColor": "#6bc0eb",
          "borderRightColor": "#6bc0eb",
          "borderTopColor": "#6bc0eb",
        },
        {
          "borderBottomLeftRadius": 24,
          "borderBottomRightRadius": 24,
          "borderTopLeftRadius": 24,
          "borderTopRightRadius": 24,
        },
      ]
    }
    testID="delete-cow-button"
  >
    <Text
      style={
        [
          {
            "fontFamily": "Nunito-SemiBold",
          },
          {
            "color": "#ffffff",
          },
          {
            "fontSize": 20,
            "lineHeight": 28,
          },
          [
            {
              "marginLeft": 16,
            },
          ],
        ]
      }
    >
      Dar de baja
    </Text>
  </View>
</View>
`;
