// Jest Snapshot v1, https://goo.gl/fbAQLP

exports[`CustomFormDiv renders correctly 1`] = `
<View
  style={
    [
      {
        "paddingBottom": 16,
        "paddingLeft": 16,
        "paddingRight": 16,
        "paddingTop": 16,
      },
      {
        "backgroundColor": "#272727",
      },
      {
        "borderBottomLeftRadius": 8,
        "borderBottomRightRadius": 8,
        "borderTopLeftRadius": 8,
        "borderTopRightRadius": 8,
      },
      {
        "borderBottomWidth": 2,
        "borderLeftWidth": 2,
        "borderRightWidth": 2,
        "borderTopWidth": 2,
      },
      {
        "borderBottomColor": "#ffffff",
        "borderLeftColor": "#ffffff",
        "borderRightColor": "#ffffff",
        "borderTopColor": "#ffffff",
      },
    ]
  }
>
  Test
</View>
`;
