// Jest Snapshot v1, https://goo.gl/fbAQLP

exports[`CustomPasswordInput should render correctly 1`] = `
<View
  style={
    [
      {
        "marginTop": -4,
      },
    ]
  }
>
  <Text
    style={
      [
        {
          "color": "#ffffff",
        },
        {
          "fontSize": 14,
          "lineHeight": 20,
        },
        {
          "fontFamily": "Nunito-Light",
        },
        [
          {
            "marginTop": 4,
          },
        ],
      ]
    }
  >
    Test
    :
  </Text>
  <View
    style={
      [
        {
          "flexDirection": "row",
        },
        {
          "alignItems": "center",
        },
        [
          {
            "marginTop": 4,
          },
        ],
      ]
    }
  >
    <TextInput
      placeholder="Test"
      secureTextEntry={true}
      style={
        [
          {
            "paddingBottom": 8,
            "paddingLeft": 8,
            "paddingRight": 8,
            "paddingTop": 8,
          },
          {
            "marginRight": 8,
          },
          {
            "backgroundColor": "#ffffff",
          },
          {
            "borderBottomWidth": 2,
            "borderLeftWidth": 2,
            "borderRightWidth": 2,
            "borderTopWidth": 2,
          },
          {
            "borderBottomColor": "#2254ba",
            "borderLeftColor": "#2254ba",
            "borderRightColor": "#2254ba",
            "borderTopColor": "#2254ba",
          },
          {
            "borderBottomLeftRadius": 16,
            "borderBottomRightRadius": 16,
            "borderTopLeftRadius": 16,
            "borderTopRightRadius": 16,
          },
          {
            "flexBasis": "0%",
            "flexGrow": 1,
            "flexShrink": 1,
          },
          {
            "fontFamily": "Nunito-Medium",
          },
        ]
      }
      value="Test"
    />
    <View
      accessibilityState={
        {
          "busy": undefined,
          "checked": undefined,
          "disabled": undefined,
          "expanded": undefined,
          "selected": undefined,
        }
      }
      accessibilityValue={
        {
          "max": undefined,
          "min": undefined,
          "now": undefined,
          "text": undefined,
        }
      }
      accessible={true}
      collapsable={false}
      focusable={true}
      onBlur={[Function]}
      onClick={[Function]}
      onFocus={[Function]}
      onResponderGrant={[Function]}
      onResponderMove={[Function]}
      onResponderRelease={[Function]}
      onResponderTerminate={[Function]}
      onResponderTerminationRequest={[Function]}
      onStartShouldSetResponder={[Function]}
      testID="eye-icon"
    />
  </View>
</View>
`;
