// Jest Snapshot v1, https://goo.gl/fbAQLP

exports[`CustomInput should render correctly 1`] = `
<View
  style={
    [
      {
        "marginTop": -4,
      },
    ]
  }
>
  <Text
    style={
      [
        {
          "color": "#ffffff",
        },
        {
          "fontSize": 14,
          "lineHeight": 20,
        },
        {
          "fontFamily": "Nunito-Medium",
        },
        [
          {
            "marginTop": 4,
          },
        ],
      ]
    }
  >
    Test
    :
  </Text>
  <TextInput
    placeholder="Test"
    style={
      [
        {
          "paddingBottom": 8,
          "paddingLeft": 8,
          "paddingRight": 8,
          "paddingTop": 8,
        },
        {
          "backgroundColor": "#ffffff",
        },
        {
          "borderBottomWidth": 2,
          "borderLeftWidth": 2,
          "borderRightWidth": 2,
          "borderTopWidth": 2,
        },
        {
          "borderBottomColor": "#2254ba",
          "borderLeftColor": "#2254ba",
          "borderRightColor": "#2254ba",
          "borderTopColor": "#2254ba",
        },
        {
          "borderBottomLeftRadius": 16,
          "borderBottomRightRadius": 16,
          "borderTopLeftRadius": 16,
          "borderTopRightRadius": 16,
        },
        {
          "fontFamily": "Nunito-Medium",
        },
        [
          {
            "marginTop": 4,
          },
        ],
      ]
    }
    value="Test"
  />
</View>
`;
