// Jest Snapshot v1, https://goo.gl/fbAQLP

exports[`OauthRedirect should render correctly 1`] = `
<View
  style={
    [
      {
        "flexBasis": "0%",
        "flexGrow": 1,
        "flexShrink": 1,
      },
      {
        "backgroundColor": "#1c1c1c",
      },
      {
        "justifyContent": "center",
      },
    ]
  }
>
  <View
    style={
      [
        {
          "marginTop": 40,
        },
        {
          "marginLeft": 32,
          "marginRight": 32,
        },
        {
          "paddingBottom": 16,
          "paddingLeft": 16,
          "paddingRight": 16,
          "paddingTop": 16,
        },
        {
          "backgroundColor": "#272727",
        },
        {
          "alignItems": "center",
        },
        {
          "borderRightWidth": 2,
        },
        {
          "borderLeftWidth": 2,
        },
        {
          "borderBottomColor": "#6bc0eb",
          "borderLeftColor": "#6bc0eb",
          "borderRightColor": "#6bc0eb",
          "borderTopColor": "#6bc0eb",
        },
        {
          "borderBottomLeftRadius": 16,
          "borderBottomRightRadius": 16,
          "borderTopLeftRadius": 16,
          "borderTopRightRadius": 16,
        },
      ]
    }
  >
    <Text
      style={
        [
          {
            "paddingBottom": 8,
            "paddingLeft": 8,
            "paddingRight": 8,
            "paddingTop": 8,
          },
          {
            "color": "#ffffff",
          },
          {
            "fontSize": 30,
            "lineHeight": 36,
          },
        ]
      }
    >
      Iniciando sesión con Google. Esto puede llevar unos segundos...
    </Text>
    <ActivityIndicator
      color="c_light_blue"
      size="large"
    />
  </View>
</View>
`;
